// Jest Snapshot v1, https://goo.gl/fbAQLP

exports[`Cookie snapshot matches 1`] = `null`;
