// Jest Snapshot v1, https://goo.gl/fbAQLP

exports[`Footer snapshot matches 1`] = `null`;
