// Jest Snapshot v1, https://goo.gl/fbAQLP

exports[`Header snapshot matches 1`] = `null`;
