// Jest Snapshot v1, https://goo.gl/fbAQLP

exports[`Utility Nav snapshot matches 1`] = `null`;
